
> frontend@0.1.0 build
> next build

node.exe : ΓÜá Warning: 
Next.js inferred your 
workspace root, but it may 
not be correct.
At C:\Program 
Files\nodejs\npm.ps1:29 
char:3
+   & $NODE_EXE $NPM_CLI_JS 
$args
+   
~~~~~~~~~~~~~~~~~~~~~~~~~~~~~
    + CategoryInfo           
   : NotSpecified: (ΓÜá War  
  ning: Ne...not be correc   
 t.:String) [], RemoteExc    
eption
    + FullyQualifiedErrorId  
   : NativeCommandError
 
 We detected multiple 
lockfiles and selected the 
directory of C:\Users\coco1\p
ackage-lock.json as the root 
directory.
 To silence this warning, 
set `turbopack.root` in your 
Next.js config, or consider 
removing one of the 
lockfiles if it's not needed.
   See https://nextjs.org/doc
s/app/api-reference/config/ne
xt-config-js/turbopack#root-d
irectory for more 
information.
 Detected additional 
lockfiles: 
   * C:\Users\coco1\Desktop\2
026\[1] Projects\Portfolio-At
tempt-1\frontend\package-lock
.json

Γû▓ Next.js 16.1.1 (Turbopack)

  Creating an optimized production build ...
